Component: ARM Compiler 5.06 update 5 (build 528) Tool: armlink [4d35e2]

==============================================================================

Section Cross References

    main.o(i.Hardware_Init) refers to misc.o(i.NVIC_PriorityGroupConfig) for NVIC_PriorityGroupConfig
    main.o(i.Hardware_Init) refers to oled.o(i.GB16_NUM) for GB16_NUM
    main.o(i.Hardware_Init) refers to delay.o(i.delay_init) for delay_init
    main.o(i.Hardware_Init) refers to timer.o(i.GENERAL_TIM_Init) for GENERAL_TIM_Init
    main.o(i.Hardware_Init) refers to usart.o(i.Usart1_Init) for Usart1_Init
    main.o(i.Hardware_Init) refers to usart2.o(i.Usart2_Init) for Usart2_Init
    main.o(i.Hardware_Init) refers to usart3.o(i.Usart3_Init) for Usart3_Init
    main.o(i.Hardware_Init) refers to led.o(i.System_PB34_setIO) for System_PB34_setIO
    main.o(i.Hardware_Init) refers to led.o(i.LED_Init) for LED_Init
    main.o(i.Hardware_Init) refers to key.o(i.Key_GPIO_Config) for Key_GPIO_Config
    main.o(i.Hardware_Init) refers to ds1302.o(i.DS1302_Init) for DS1302_Init
    main.o(i.Hardware_Init) refers to sg90.o(i.TIM3_PWM_Init) for TIM3_PWM_Init
    main.o(i.Hardware_Init) refers to oled.o(i.OLED_Init) for OLED_Init
    main.o(i.Hardware_Init) refers to oled.o(i.OLED_ColorTurn) for OLED_ColorTurn
    main.o(i.Hardware_Init) refers to oled.o(i.OLED_DisplayTurn) for OLED_DisplayTurn
    main.o(i.Hardware_Init) refers to printfa.o(i.__0sprintf) for __2sprintf
    main.o(i.Hardware_Init) refers to oled.o(i.OLED_ShowCH) for OLED_ShowCH
    main.o(i.Hardware_Init) refers to max30102.o(i.max30102_init) for max30102_init
    main.o(i.Hardware_Init) refers to max30102.o(i.max30102_FIFO_ReadBytes) for max30102_FIFO_ReadBytes
    main.o(i.Hardware_Init) refers to algorithm.o(i.maxim_heart_rate_and_oxygen_saturation) for maxim_heart_rate_and_oxygen_saturation
    main.o(i.Hardware_Init) refers to delay.o(i.delay_ms) for delay_ms
    main.o(i.Hardware_Init) refers to git.o(i.Reset_Threshole_Value) for Reset_Threshole_Value
    main.o(i.Hardware_Init) refers to oled.o(i.OLED_Clear) for OLED_Clear
    main.o(i.Hardware_Init) refers to oled.o(.data) for HZ
    main.o(i.Hardware_Init) refers to main.o(.bss) for str
    main.o(i.Hardware_Init) refers to main.o(.data) for un_min
    main.o(i.Hardware_Init) refers to git.o(.bss) for device_state_init
    main.o(i.Hardware_Init) refers to git.o(.data) for threshold_value_init
    main.o(i.Heart_num) refers to max30102.o(i.max30102_FIFO_ReadBytes) for max30102_FIFO_ReadBytes
    main.o(i.Heart_num) refers to ffltui.o(.text) for __aeabi_ui2f
    main.o(i.Heart_num) refers to fdiv.o(.text) for __aeabi_fdiv
    main.o(i.Heart_num) refers to fmul.o(.text) for __aeabi_fmul
    main.o(i.Heart_num) refers to ffixi.o(.text) for __aeabi_f2iz
    main.o(i.Heart_num) refers to algorithm.o(i.maxim_heart_rate_and_oxygen_saturation) for maxim_heart_rate_and_oxygen_saturation
    main.o(i.Heart_num) refers to dflti.o(.text) for __aeabi_i2d
    main.o(i.Heart_num) refers to dmul.o(.text) for __aeabi_dmul
    main.o(i.Heart_num) refers to dfixi.o(.text) for __aeabi_d2iz
    main.o(i.Heart_num) refers to main.o(.data) for i
    main.o(i.Heart_num) refers to main.o(.bss) for aun_red_buffer
    main.o(i.Net_Init) refers to oled.o(i.OLED_Clear) for OLED_Clear
    main.o(i.Net_Init) refers to printfa.o(i.__0sprintf) for __2sprintf
    main.o(i.Net_Init) refers to oled.o(i.OLED_ShowCH) for OLED_ShowCH
    main.o(i.Net_Init) refers to ga10.o(i.GA10_Init) for GA10_Init
    main.o(i.Net_Init) refers to main.o(.data) for Connect_Net
    main.o(i.SoftWare_Init) refers to task.o(i.timer_init) for timer_init
    main.o(i.SoftWare_Init) refers to task.o(i.timer_start) for timer_start
    main.o(i.SoftWare_Init) refers to main.o(i.task1) for task1
    main.o(i.SoftWare_Init) refers to main.o(.bss) for task1_id
    main.o(i.SoftWare_Init) refers to main.o(i.task2) for task2
    main.o(i.SoftWare_Init) refers to main.o(i.task3) for task3
    main.o(i.main) refers to main.o(i.SoftWare_Init) for SoftWare_Init
    main.o(i.main) refers to main.o(i.Hardware_Init) for Hardware_Init
    main.o(i.main) refers to main.o(i.Net_Init) for Net_Init
    main.o(i.main) refers to stm32f10x_tim.o(i.TIM_Cmd) for TIM_Cmd
    main.o(i.main) refers to task.o(i.timer_loop) for timer_loop
    main.o(i.main) refers to usart3.o(i.ESP8266_GetIPD) for ESP8266_GetIPD
    main.o(i.main) refers to git.o(i.massage_parse_json) for massage_parse_json
    main.o(i.main) refers to usart2.o(i.Send_Usart2) for Send_Usart2
    main.o(i.main) refers to git.o(i.Check_Key_ON_OFF) for Check_Key_ON_OFF
    main.o(i.main) refers to timer.o(.data) for time25ms
    main.o(i.task1) refers to git.o(i.Automation_Close) for Automation_Close
    main.o(i.task1) refers to git.o(i.Update_oled_massage) for Update_oled_massage
    main.o(i.task1) refers to git.o(i.Read_Data) for Read_Data
[...]
    i.massage_speak                          0x08005a1c   Section        0  git.o(i.massage_speak)
    i.max30102_Bus_Read                      0x08005a74   Section        0  max30102.o(i.max30102_Bus_Read)
    i.max30102_Bus_Write                     0x08005ac6   Section        0  max30102.o(i.max30102_Bus_Write)
    i.max30102_FIFO_ReadBytes                0x08005b0a   Section        0  max30102.o(i.max30102_FIFO_ReadBytes)
    i.max30102_init                          0x08005b8c   Section        0  max30102.o(i.max30102_init)
    i.max30102_reset                         0x08005c10   Section        0  max30102.o(i.max30102_reset)
    i.maxim_find_peaks                       0x08005c24   Section        0  algorithm.o(i.maxim_find_peaks)
    i.maxim_heart_rate_and_oxygen_saturation 0x08005c68   Section        0  algorithm.o(i.maxim_heart_rate_and_oxygen_saturation)
    i.maxim_peaks_above_min_height           0x08006168   Section        0  algorithm.o(i.maxim_peaks_above_min_height)
    i.maxim_remove_close_peaks               0x080061e2   Section        0  algorithm.o(i.maxim_remove_close_peaks)
    i.maxim_sort_ascend                      0x08006254   Section        0  algorithm.o(i.maxim_sort_ascend)
    i.maxim_sort_indices_descend             0x0800628a   Section        0  algorithm.o(i.maxim_sort_indices_descend)
    i.parse_array                            0x080062ca   Section        0  cjson.o(i.parse_array)
    parse_array                              0x080062cb   Thumb Code   248  cjson.o(i.parse_array)
    i.parse_hex4                             0x080063c2   Section        0  cjson.o(i.parse_hex4)
    parse_hex4                               0x080063c3   Thumb Code    90  cjson.o(i.parse_hex4)
    i.parse_number                           0x0800641c   Section        0  cjson.o(i.parse_number)
    parse_number                             0x0800641d   Thumb Code   298  cjson.o(i.parse_number)
    i.parse_object                           0x08006554   Section        0  cjson.o(i.parse_object)
    parse_object                             0x08006555   Thumb Code   318  cjson.o(i.parse_object)
    i.parse_string                           0x08006692   Section        0  cjson.o(i.parse_string)
    parse_string                             0x08006693   Thumb Code   396  cjson.o(i.parse_string)
    i.parse_value                            0x08006820   Section        0  cjson.o(i.parse_value)
    parse_value                              0x08006821   Thumb Code   290  cjson.o(i.parse_value)
    i.realloc                                0x0800695c   Section        0  mallocr.o(i.realloc)
    i.skip_utf8_bom                          0x080069c8   Section        0  cjson.o(i.skip_utf8_bom)
    skip_utf8_bom                            0x080069c9   Thumb Code    56  cjson.o(i.skip_utf8_bom)
    i.strtod                                 0x08006a04   Section        0  strtod.o(i.strtod)
    i.task1                                  0x08006a20   Section        0  main.o(i.task1)
    i.task2                                  0x08006ac8   Section        0  main.o(i.task2)
    i.task3                                  0x08006ae4   Section        0  main.o(i.task3)
    i.timer_init                             0x08006b24   Section        0  task.o(i.timer_init)
    i.timer_loop                             0x08006b44   Section        0  task.o(i.timer_loop)
    i.timer_start                            0x08006b84   Section        0  task.o(i.timer_start)
    i.timer_stop                             0x08006bb0   Section        0  task.o(i.timer_stop)
    i.timer_ticks                            0x08006bd4   Section        0  task.o(i.timer_ticks)
    i.u2_printf                              0x08006be4   Section        0  usart2.o(i.u2_printf)
    i.utf16_literal_to_utf8                  0x08006c34   Section        0  cjson.o(i.utf16_literal_to_utf8)
    utf16_literal_to_utf8                    0x08006c35   Thumb Code   300  cjson.o(i.utf16_literal_to_utf8)
    i.waitForFlashBSY                        0x08006d60   Section        0  flash.o(i.waitForFlashBSY)
    waitForFlashBSY                          0x08006d61   Thumb Code    32  flash.o(i.waitForFlashBSY)
    .constdata                               0x08006d84   Section      246  algorithm.o(.constdata)
    .constdata                               0x08006e7a   Section      129  ctype_o.o(.constdata)
    .constdata                               0x08006efc   Section        4  ctype_o.o(.constdata)
    table                                    0x08006efc   Data           4  ctype_o.o(.constdata)
    .conststring                             0x08006f00   Section       29  main.o(.conststring)
    .conststring                             0x08006f20   Section       33  ds1302.o(.conststring)
    .conststring                             0x08006f44   Section       84  ga10.o(.conststring)
    .data                                    0x20000000   Section       60  main.o(.data)
    .data                                    0x2000003c   Section       20  system_stm32f10x.o(.data)
    .data                                    0x20000050   Section        1  key.o(.data)
    key_up                                   0x20000050   Data           1  key.o(.data)
    .data                                    0x20000054   Section     2508  oled.o(.data)
    .data                                    0x20000a20   Section       44  flash.o(.data)
    .data                                    0x20000a4c   Section        3  usart2.o(.data)
    .data                                    0x20000a50   Section       42  ds1302.o(.data)
    .data                                    0x20000a7a   Section        4  delay.o(.data)
    fac_us                                   0x20000a7a   Data           1  delay.o(.data)
    fac_ms                                   0x20000a7c   Data           2  delay.o(.data)
    .data                                    0x20000a80   Section       10  usart.o(.data)
    .data                                    0x20000a8a   Section       20  stm32f10x_rcc.o(.data)
    APBAHBPrescTable                         0x20000a8a   Data          16  stm32f10x_rcc.o(.data)
    ADCPrescTable                            0x20000a9a   Data           4  stm32f10x_rcc.o(.data)
    .data                                    0x20000aa0   Section       20  cjson.o(.data)
    global_error                             0x20000aa0   Data           8  cjson.o(.data)
    global_hooks                             0x20000aa8   Data          12  cjson.o(.data)
    .data                                    0x20000ab4   Section        4  usart3.o(.data)
    .data                                    0x20000ab8   Section       19  git.o(.data)
    num_on                                   0x20000ac9   Data           1  git.o(.data)
    key_old                                  0x20000aca   Data           1  git.o(.data)
    .data                                    0x20000acc   Section        8  task.o(.data)
    head_handle                              0x20000acc   Data           4  task.o(.data)
    _timer_ticks                             0x20000ad0   Data           4  task.o(.data)
    .data                                    0x20000ad4   Section       13  timer.o(.data)
    .data                                    0x20000ae4   Section        4  mvars.o(.data)
    .data                                    0x20000ae8   Section        4  mvars.o(.data)
    .data                                    0x20000aec   Section        4  errno.o(.data)
    _errno                                   0x20000aec   Data           4  errno.o(.data)
    .bss                                     0x20000af0   Section     6148  main.o(.bss)
    sectorbufferTemp                         0x20000af0   Data        2048  main.o(.bss)
    task1_id                                 0x200022c4   Data          16  main.o(.bss)
    task2_id                                 0x200022d4   Data          16  main.o(.bss)
    task3_id                                 0x200022e4   Data          16  main.o(.bss)
    .bss                                     0x200022f4   Section     2048  flash.o(.bss)
    sectorbufferTemp                         0x200022f4   Data        2048  flash.o(.bss)
    .bss                                     0x20002af4   Section     5984  algorithm.o(.bss)
    an_dx                                    0x20002af4   Data        1984  algorithm.o(.bss)
    an_x                                     0x200032b4   Data        2000  algorithm.o(.bss)
    an_y                                     0x20003a84   Data        2000  algorithm.o(.bss)
    .bss                                     0x20004254   Section     2560  usart2.o(.bss)
    sectorbufferTemp                         0x20004254   Data        2048  usart2.o(.bss)
    .bss                                     0x20004c54   Section      200  usart.o(.bss)
    .bss                                     0x20004d1c   Section     2304  usart3.o(.bss)
    sectorbufferTemp                         0x20004d1c   Data        2048  usart3.o(.bss)
    .bss                                     0x2000561c   Section     2095  git.o(.bss)
    sectorbufferTemp                         0x2000561c   Data        2048  git.o(.bss)
    HEAP                                     0x20005e50   Section     3072  startup_stm32f10x_hd.o(HEAP)
    STACK                                    0x20006a50   Section     1024  startup_stm32f10x_hd.o(STACK)

    Global Symbols

    Symbol Name                              Value     Ov Type        Size  Object(Section)

    BuildAttributes$$THM_ISAv4$P$D$K$B$S$PE$A:L22UL41UL21$X:L11$S22US41US21$IEEE1$IW$USESV6$~STKCKD$USESV7$~SHL$OTIME$ROPI$IEEEJ$EBA8$MICROLIB$REQ8$PRES8$EABIv2 0x00000000   Number         0  anon$$obj.o ABSOLUTE
    __ARM_use_no_argv                        0x00000000   Number         0  main.o ABSOLUTE
    __use_no_errno                           0x00000000   Number         0  useno.o ABSOLUTE
    __use_no_exception_handling              0x00000000   Number         0  useno.o ABSOLUTE
    __use_no_fp                              0x00000000   Number         0  useno.o ABSOLUTE
    __use_no_heap                            0x00000000   Number         0  useno.o ABSOLUTE
    __use_no_heap_region                     0x00000000   Number         0  useno.o ABSOLUTE
    __use_no_semihosting                     0x00000000   Number         0  useno.o ABSOLUTE
    __use_no_semihosting_swi                 0x00000000   Number         0  useno.o ABSOLUTE
    __use_no_signal_handling                 0x00000000   Number         0  useno.o ABSOLUTE
    _printf_a                                0x00000000   Number         0  stubs.o ABSOLUTE
    _printf_c                                0x00000000   Number         0  stubs.o ABSOLUTE
    _printf_charcount                        0x00000000   Number         0  stubs.o ABSOLUTE
    _printf_d                                0x00000000   Number         0  stubs.o ABSOLUTE
    _printf_e                                0x00000000   Number         0  stubs.o ABSOLUTE
    _printf_f                                0x00000000   Number         0  stubs.o ABSOLUTE
    _printf_flags                            0x00000000   Number         0  stubs.o ABSOLUTE
    _printf_fp_dec                           0x00000000   Number         0  stubs.o ABSOLUTE
    _printf_fp_hex                           0x00000000   Number         0  stubs.o ABSOLUTE
    _printf_g                                0x00000000   Number         0  stubs.o ABSOLUTE
    _printf_i                                0x00000000   Number         0  stubs.o ABSOLUTE
    _printf_int_dec                          0x00000000   Number         0  stubs.o ABSOLUTE
    _printf_l                                0x00000000   Number         0  stubs.o ABSOLUTE
    _printf_lc                               0x00000000   Number         0  stubs.o ABSOLUTE
    _printf_ll                               0x00000000   Number         0  stubs.o ABSOLUTE
    _printf_lld                              0x00000000   Number         0  stubs.o ABSOLUTE
    _printf_lli                              0x00000000   Number         0  stubs.o ABSOLUTE
    _printf_llo                              0x00000000   Number         0  stubs.o ABSOLUTE
    _printf_llu                              0x00000000   Number         0  stubs.o ABSOLUTE
    _printf_llx                              0x00000000   Number         0  stubs.o ABSOLUTE
    _printf_longlong_dec                     0x00000000   Number         0  stubs.o ABSOLUTE
    _printf_longlong_hex                     0x00000000   Number         0  stubs.o ABSOLUTE
    _printf_longlong_oct                     0x00000000   Number         0  stubs.o ABSOLUTE
    _printf_ls                               0x00000000   Number         0  stubs.o ABSOLUTE
    _printf_mbtowc                           0x00000000   Number         0  stubs.o ABSOLUTE
    _printf_n                                0x00000000   Number         0  stubs.o ABSOLUTE
    _printf_o                                0x00000000   Number         0  stubs.o ABSOLUTE
    _printf_p                                0x00000000   Number         0  stubs.o ABSOLUTE
    _printf_percent                          0x00000000   Number         0  stubs.o ABSOLUTE
    _printf_pre_padding                      0x00000000   Number         0  stubs.o ABSOLUTE
    _printf_return_value                     0x00000000   Number         0  stubs.o ABSOLUTE
    _printf_s                                0x00000000   Number         0  stubs.o ABSOLUTE
    _printf_sizespec                         0x00000000   Number         0  stubs.o ABSOLUTE
    _printf_str                              0x00000000   Number         0  stubs.o ABSOLUTE
    _printf_truncate_signed                  0x00000000   Number         0  stubs.o ABSOLUTE
    _printf_truncate_unsigned                0x00000000   Number         0  stubs.o ABSOLUTE
    _printf_u                                0x00000000   Number         0  stubs.o ABSOLUTE
    _printf_wc                               0x00000000   Number         0  stubs.o ABSOLUTE
    _printf_wctomb                           0x00000000   Number         0  stubs.o ABSOLUTE
    _printf_widthprec                        0x00000000   Number         0  stubs.o ABSOLUTE
    _printf_x                                0x00000000   Number         0  stubs.o ABSOLUTE
    __cpp_initialize__aeabi_                  - Undefined Weak Reference
    __cxa_finalize                            - Undefined Weak Reference
    _clock_init                               - Undefined Weak Reference
    _microlib_exit                            - Undefined Weak Reference
    _scanf_int                                - Undefined Weak Reference
    _scanf_longlong                           - Undefined Weak Reference
    _scanf_string                             - Undefined Weak Reference
    __Vectors_Size                           0x00000130   Number         0  startup_stm32f10x_hd.o ABSOLUTE
    __Vectors                                0x08000000   Data           4  startup_stm32f10x_hd.o(RESET)
    __Vectors_End                            0x08000130   Data           0  startup_stm32f10x_hd.o(RESET)
    __main                                   0x08000131   Thumb Code     0  entry.o(.ARM.Collect$$$$00000000)
    _main_stk                                0x08000131   Thumb Code     0  entry2.o(.ARM.Collect$$$$00000001)
    _main_scatterload                        0x08000135   Thumb Code     0  entry5.o(.ARM.Collect$$$$00000004)
    __main_after_scatterload                 0x08000139   Thumb Code     0  entry5.o(.ARM.Collect$$$$00000004)
    _main_clock                              0x08000139   Thumb Code     0  entry7b.o(.ARM.Collect$$$$00000008)
    _main_cpp_init                           0x08000139   Thumb Code     0  entry8b.o(.ARM.Collect$$$$0000000A)
    _main_init                               0x08000139   Thumb Code     0  entry9a.o(.ARM.Collect$$$$0000000B)
    __rt_final_cpp                           0x08000141   Thumb Code     0  entry10a.o(.ARM.Collect$$$$0000000D)
    __rt_final_exit                          0x08000141   Thumb Code     0  entry11a.o(.ARM.Collect$$$$0000000F)
    Reset_Handler                            0x08000145   Thumb Code     8  startup_stm32f10x_hd.o(.text)
    ADC1_2_IRQHandler                        0x0800015f   Thumb Code     0  startup_stm32f10x_hd.o(.text)
    ADC3_IRQHandler                          0x0800015f   Thumb Code     0  startup_stm32f10x_hd.o(.text)
    CAN1_RX1_IRQHandler                      0x0800015f   Thumb Code     0  startup_stm32f10x_hd.o(.text)
    CAN1_SCE_IRQHandler                      0x0800015f   Thumb Code     0  startup_stm32f10x_hd.o(.text)
    DMA1_Channel1_IRQHandler                 0x0800015f   Thumb Code     0  startup_stm32f10x_hd.o(.text)
    DMA1_Channel2_IRQHandler                 0x0800015f   Thumb Code     0  startup_stm32f10x_hd.o(.text)
    DMA1_Channel3_IRQHandler                 0x0800015f   Thumb Code     0  startup_stm32f10x_hd.o(.text)
    DMA1_Channel4_IRQHandler                 0x0800015f   Thumb Code     0  startup_stm32f10x_hd.o(.text)
    DMA1_Channel5_IRQHandler                 0x0800015f   Thumb Code     0  startup_stm32f10x_hd.o(.text)
    DMA1_Channel6_IRQHandler                 0x0800015f   Thumb Code     0  startup_stm32f10x_hd.o(.text)
    DMA1_Channel7_IRQHandler                 0x0800015f   Thumb Code     0  startup_stm32f10x_hd.o(.text)
    DMA2_Channel1_IRQHandler                 0x0800015f   Thumb Code     0  startup_stm32f10x_hd.o(.text)
    DMA2_Channel2_IRQHandler                 0x0800015f   Thumb Code     0  startup_stm32f10x_hd.o(.text)
    DMA2_Channel3_IRQHandler                 0x0800015f   Thumb Code     0  startup_stm32f10x_hd.o(.text)
    DMA2_Channel4_5_IRQHandler               0x0800015f   Thumb Code     0  startup_stm32f10x_hd.o(.text)
    EXTI0_IRQHandler                         0x0800015f   Thumb Code     0  startup_stm32f10x_hd.o(.text)
    EXTI15_10_IRQHandler                     0x0800015f   Thumb Code     0  startup_stm32f10x_hd.o(.text)
    EXTI1_IRQHandler                         0x0800015f   Thumb Code     0  startup_stm32f10x_hd.o(.text)
    EXTI2_IRQHandler                         0x0800015f   Thumb Code     0  startup_stm32f10x_hd.o(.text)
    EXTI3_IRQHandler                         0x0800015f   Thumb Code     0  startup_stm32f10x_hd.o(.text)
    EXTI4_IRQHandler                         0x0800015f   Thumb Code     0  startup_stm32f10x_hd.o(.text)
    EXTI9_5_IRQHandler                       0x0800015f   Thumb Code     0  startup_stm32f10x_hd.o(.text)
    FLASH_IRQHandler                         0x0800015f   Thumb Code     0  startup_stm32f10x_hd.o(.text)
    FSMC_IRQHandler                          0x0800015f   Thumb Code     0  startup_stm32f10x_hd.o(.text)
    I2C1_ER_IRQHandler                       0x0800015f   Thumb Code     0  startup_stm32f10x_hd.o(.text)
    I2C1_EV_IRQHandler                       0x0800015f   Thumb Code     0  startup_stm32f10x_hd.o(.text)
    I2C2_ER_IRQHandler                       0x0800015f   Thumb Code     0  startup_stm32f10x_hd.o(.text)
    I2C2_EV_IRQHandler                       0x0800015f   Thumb Code     0  startup_stm32f10x_hd.o(.text)
    PVD_IRQHandler                           0x0800015f   Thumb Code     0  startup_stm32f10x_hd.o(.text)
    RCC_IRQHandler                           0x0800015f   Thumb Code     0  startup_stm32f10x_hd.o(.text)
    RTCAlarm_IRQHandler                      0x0800015f   Thumb Code     0  startup_stm32f10x_hd.o(.text)
    RTC_IRQHandler                           0x0800015f   Thumb Code     0  startup_stm32f10x_hd.o(.text)
    SDIO_IRQHandler                          0x0800015f   Thumb Code     0  startup_stm32f10x_hd.o(.text)
    SPI1_IRQHandler                          0x0800015f   Thumb Code     0  startup_stm32f10x_hd.o(.text)
    SPI2_IRQHandler                          0x0800015f   Thumb Code     0  startup_stm32f10x_hd.o(.text)
    SPI3_IRQHandler                          0x0800015f   Thumb Code     0  startup_stm32f10x_hd.o(.text)
    TAMPER_IRQHandler                        0x0800015f   Thumb Code     0  startup_stm32f10x_hd.o(.text)
    TIM1_BRK_IRQHandler                      0x0800015f   Thumb Code     0  startup_stm32f10x_hd.o(.text)
    TIM1_CC_IRQHandler                       0x0800015f   Thumb Code     0  startup_stm32f10x_hd.o(.text)
    TIM1_TRG_COM_IRQHandler                  0x0800015f   Thumb Code     0  startup_stm32f10x_hd.o(.text)
    TIM1_UP_IRQHandler                       0x0800015f   Thumb Code     0  startup_stm32f10x_hd.o(.text)
    TIM2_IRQHandler                          0x0800015f   Thumb Code     0  startup_stm32f10x_hd.o(.text)
    TIM3_IRQHandler                          0x0800015f   Thumb Code     0  startup_stm32f10x_hd.o(.text)
    TIM5_IRQHandler                          0x0800015f   Thumb Code     0  startup_stm32f10x_hd.o(.text)
    TIM6_IRQHandler                          0x0800015f   Thumb Code     0  startup_stm32f10x_hd.o(.text)
    TIM7_IRQHandler                          0x0800015f   Thumb Code     0  startup_stm32f10x_hd.o(.text)
    TIM8_BRK_IRQHandler                      0x0800015f   Thumb Code     0  startup_stm32f10x_hd.o(.text)
    TIM8_CC_IRQHandler                       0x0800015f   Thumb Code     0  startup_stm32f10x_hd.o(.text)
    TIM8_TRG_COM_IRQHandler                  0x0800015f   Thumb Code     0  startup_stm32f10x_hd.o(.text)
    TIM8_UP_IRQHandler                       0x0800015f   Thumb Code     0  startup_stm32f10x_hd.o(.text)
    UART4_IRQHandler                         0x0800015f   Thumb Code     0  startup_stm32f10x_hd.o(.text)
    UART5_IRQHandler                         0x0800015f   Thumb Code     0  startup_stm32f10x_hd.o(.text)
    USBWakeUp_IRQHandler                     0x0800015f   Thumb Code     0  startup_stm32f10x_hd.o(.text)
    USB_HP_CAN1_TX_IRQHandler                0x0800015f   Thumb Code     0  startup_stm32f10x_hd.o(.text)
    USB_LP_CAN1_RX0_IRQHandler               0x0800015f   Thumb Code     0  startup_stm32f10x_hd.o(.text)
    WWDG_IRQHandler                          0x0800015f   Thumb Code     0  startup_stm32f10x_hd.o(.text)
    tolower                                  0x08000169   Thumb Code    12  tolower.o(.text)
    __aeabi_memcpy                           0x08000175   Thumb Code    36  memcpya.o(.text)
    __aeabi_memcpy4                          0x08000175   Thumb Code     0  memcpya.o(.text)
    __aeabi_memcpy8                          0x08000175   Thumb Code     0  memcpya.o(.text)
    __aeabi_memset                           0x08000199   Thumb Code    14  memseta.o(.text)
    __aeabi_memset4                          0x08000199   Thumb Code     0  memseta.o(.text)
    __aeabi_memset8                          0x08000199   Thumb Code     0  memseta.o(.text)
    __aeabi_memclr                           0x080001a7   Thumb Code     4  memseta.o(.text)
    __aeabi_memclr4                          0x080001a7   Thumb Code     0  memseta.o(.text)
    __aeabi_memclr8                          0x080001a7   Thumb Code     0  memseta.o(.text)
    _memset$wrapper                          0x080001ab   Thumb Code    18  memseta.o(.text)
    strcat                                   0x080001bd   Thumb Code    24  strcat.o(.text)
    strstr                                   0x080001d5   Thumb Code    36  strstr.o(.text)
    strchr                                   0x080001f9   Thumb Code    20  strchr.o(.text)
    strlen                                   0x0800020d   Thumb Code    14  strlen.o(.text)
    strcmp                                   0x0800021b   Thumb Code    28  strcmp.o(.text)
    strncmp                                  0x08000237   Thumb Code    30  strncmp.o(.text)
    _scanf_real                              0x0800037d   Thumb Code     0  scanf_fp.o(.text)
    _scanf_really_real                       0x0800037d   Thumb Code   556  scanf_fp.o(.text)
    atoi                                     0x080005b5   Thumb Code    26  atoi.o(.text)
    __aeabi_fmul                             0x080005cf   Thumb Code   100  fmul.o(.text)
    __aeabi_fdiv                             0x08000633   Thumb Code   124  fdiv.o(.text)
    __aeabi_dadd                             0x080006af   Thumb Code   322  dadd.o(.text)
    __aeabi_dsub                             0x080007f1   Thumb Code     6  dadd.o(.text)
    __aeabi_drsub                            0x080007f7   Thumb Code     6  dadd.o(.text)
    __aeabi_dmul                             0x080007fd   Thumb Code   228  dmul.o(.text)
    __aeabi_ui2f                             0x080008e1   Thumb Code    10  ffltui.o(.text)
    __aeabi_i2d                              0x080008eb   Thumb Code    34  dflti.o(.text)
    __aeabi_f2iz                             0x0800090d   Thumb Code    50  ffixi.o(.text)
    __aeabi_d2iz                             0x0800093f   Thumb Code    62  dfixi.o(.text)
    __aeabi_cdcmpeq                          0x0800097d   Thumb Code     0  cdcmple.o(.text)
    __aeabi_cdcmple                          0x0800097d   Thumb Code    48  cdcmple.o(.text)
    __aeabi_cdrcmple                         0x080009ad   Thumb Code    48  cdrcmple.o(.text)
    __aeabi_uidiv                            0x080009dd   Thumb Code     0  uidiv.o(.text)
    __aeabi_uidivmod                         0x080009dd   Thumb Code    44  uidiv.o(.text)
    __aeabi_uldivmod                         0x08000a09   Thumb Code    98  uldiv.o(.text)
    __aeabi_llsl                             0x08000a6b   Thumb Code    30  llshl.o(.text)
    _ll_shift_l                              0x08000a6b   Thumb Code     0  llshl.o(.text)
    __aeabi_llsr                             0x08000a89   Thumb Code    32  llushr.o(.text)
    _ll_ushift_r                             0x08000a89   Thumb Code     0  llushr.o(.text)
    __aeabi_lasr                             0x08000aa9   Thumb Code    36  llsshr.o(.text)
    _ll_sshift_r                             0x08000aa9   Thumb Code     0  llsshr.o(.text)
    _sgetc                                   0x08000acd   Thumb Code    30  _sgetc.o(.text)
    _sbackspace                              0x08000aeb   Thumb Code    34  _sgetc.o(.text)
    __strtod_int                             0x08000b43   Thumb Code    90  strtod.o(.text)
    strtol                                   0x08000ba9   Thumb Code   112  strtol.o(.text)
    __I$use$fp                               0x08000c19   Thumb Code     0  iusefp.o(.text)
    _float_round                             0x08000c19   Thumb Code    18  fepilogue.o(.text)
    _float_epilogue                          0x08000c2b   Thumb Code    92  fepilogue.o(.text)
    _double_round                            0x08000c87   Thumb Code    30  depilogue.o(.text)
    _double_epilogue                         0x08000ca5   Thumb Code   156  depilogue.o(.text)
    __aeabi_ddiv                             0x08000d41   Thumb Code   222  ddiv.o(.text)
    __aeabi_ul2d                             0x08000e1f   Thumb Code    24  dfltul.o(.text)
    __aeabi_d2ulz                            0x08000e37   Thumb Code    48  dfixul.o(.text)
    __aeabi_d2f                              0x08000e67   Thumb Code    56  d2f.o(.text)
    __scatterload                            0x08000ea1   Thumb Code    28  init.o(.text)
    __scatterload_rt2                        0x08000ea1   Thumb Code     0  init.o(.text)
    __rt_ctype_table                         0x08000ec5   Thumb Code     4  ctype_o.o(.text)
    isspace                                  0x08000ecd   Thumb Code    18  isspace_o.o(.text)
    _strtoul                                 0x08000edf   Thumb Code   158  _strtoul.o(.text)
    _chval                                   0x08000f7d   Thumb Code    28  _chval.o(.text)
    __decompress                             0x08000f99   Thumb Code     0  __dczerorl2.o(.text)
    __decompress1                            0x08000f99   Thumb Code    86  __dczerorl2.o(.text)
    Automation_Close                         0x08000ff1   Thumb Code   620  git.o(i.Automation_Close)
    BusFault_Handler                         0x08001285   Thumb Code     4  stm32f10x_it.o(i.BusFault_Handler)
    Check_Key_ON_OFF                         0x08001289   Thumb Code   478  git.o(i.Check_Key_ON_OFF)
    DS1302_AlarmTime                         0x080014bd   Thumb Code   164  ds1302.o(i.DS1302_AlarmTime)
    DS1302_GetTime                           0x08001581   Thumb Code   198  ds1302.o(i.DS1302_GetTime)
    DS1302_Init                              0x0800164d   Thumb Code    80  ds1302.o(i.DS1302_Init)
    DS1302_ReadByte                          0x080016a1   Thumb Code   156  ds1302.o(i.DS1302_ReadByte)
    DS1302_ReadTime                          0x08001745   Thumb Code    78  ds1302.o(i.DS1302_ReadTime)
    DS1302_WriteByte                         0x08001799   Thumb Code   158  ds1302.o(i.DS1302_WriteByte)
    DS1302_WriteTime                         0x08001841   Thumb Code   136  ds1302.o(i.DS1302_WriteTime)
    DebugMon_Handler                         0x080018d1   Thumb Code     2  stm32f10x_it.o(i.DebugMon_Handler)
    ESP8266_Clear                            0x080018d5   Thumb Code    20  usart3.o(i.ESP8266_Clear)
    ESP8266_GetIPD                           0x080018f1   Thumb Code    66  usart3.o(i.ESP8266_GetIPD)
    ESP8266_WaitRecive                       0x08001941   Thumb Code    42  usart3.o(i.ESP8266_WaitRecive)
    FillBuf                                  0x08001975   Thumb Code   392  ga10.o(i.FillBuf)
    GA10_Init                                0x08001bbd   Thumb Code   336  ga10.o(i.GA10_Init)
    GA10_SendCmd                             0x08001ef1   Thumb Code    84  ga10.o(i.GA10_SendCmd)
    GB16_NUM                                 0x08001f51   Thumb Code    18  oled.o(i.GB16_NUM)
    GENERAL_TIM_Init                         0x08001fbb   Thumb Code    32  timer.o(i.GENERAL_TIM_Init)
    GENERAL_TIM_NVIC_Config                  0x08002087   Thumb Code    76  timer.o(i.GENERAL_TIM_NVIC_Config)
    GPIO_Init                                0x080020d3   Thumb Code   278  stm32f10x_gpio.o(i.GPIO_Init)
    GPIO_PinRemapConfig                      0x080021e9   Thumb Code   138  stm32f10x_gpio.o(i.GPIO_PinRemapConfig)
    GPIO_ReadInputDataBit                    0x08002279   Thumb Code    18  stm32f10x_gpio.o(i.GPIO_ReadInputDataBit)
    GPIO_ResetBits                           0x0800228b   Thumb Code     4  stm32f10x_gpio.o(i.GPIO_ResetBits)
    GPIO_SetBits                             0x0800228f   Thumb Code     4  stm32f10x_gpio.o(i.GPIO_SetBits)
    HardFault_Handler                        0x08002293   Thumb Code     4  stm32f10x_it.o(i.HardFault_Handler)
    Hardware_Init                            0x08002299   Thumb Code   388  main.o(i.Hardware_Init)
    KEY_Scan                                 0x08002781   Thumb Code   140  key.o(i.KEY_Scan)
    Key_GPIO_Config                          0x08002815   Thumb Code    72  key.o(i.Key_GPIO_Config)
    LED_Init                                 0x08002861   Thumb Code    46  led.o(i.LED_Init)
    MemManage_Handler                        0x08002899   Thumb Code     4  stm32f10x_it.o(i.MemManage_Handler)
    Mqtt_Pub                                 0x0800289d   Thumb Code    96  ga10.o(i.Mqtt_Pub)
    NMI_Handler                              0x0800293d   Thumb Code     2  stm32f10x_it.o(i.NMI_Handler)
    NVIC_Init                                0x08002969   Thumb Code   100  misc.o(i.NVIC_Init)
    NVIC_PriorityGroupConfig                 0x080029d9   Thumb Code    10  misc.o(i.NVIC_PriorityGroupConfig)
    Net_Init                                 0x080029ed   Thumb Code    80  main.o(i.Net_Init)
    OLED_Clear                               0x08002a61   Thumb Code    10  oled.o(i.OLED_Clear)
    OLED_ColorTurn                           0x08002a6b   Thumb Code    28  oled.o(i.OLED_ColorTurn)
    OLED_DisplayTurn                         0x08002a87   Thumb Code    44  oled.o(i.OLED_DisplayTurn)
    OLED_Fill                                0x08002ab3   Thumb Code    66  oled.o(i.OLED_Fill)
    OLED_Init                                0x08002af5   Thumb Code   278  oled.o(i.OLED_Init)
    OLED_ShowCH                              0x08002c11   Thumb Code   292  oled.o(i.OLED_ShowCH)
    OLED_WR_BP                               0x08002d49   Thumb Code    42  oled.o(i.OLED_WR_BP)
    OLED_WR_Byte                             0x08002d75   Thumb Code   126  oled.o(i.OLED_WR_Byte)
    PendSV_Handler                           0x08002df9   Thumb Code     2  stm32f10x_it.o(i.PendSV_Handler)
    RCC_APB1PeriphClockCmd                   0x08002dfd   Thumb Code    26  stm32f10x_rcc.o(i.RCC_APB1PeriphClockCmd)
    RCC_APB1PeriphResetCmd                   0x08002e1d   Thumb Code    26  stm32f10x_rcc.o(i.RCC_APB1PeriphResetCmd)
    RCC_APB2PeriphClockCmd                   0x08002e3d   Thumb Code    26  stm32f10x_rcc.o(i.RCC_APB2PeriphClockCmd)
    RCC_APB2PeriphResetCmd                   0x08002e5d   Thumb Code    26  stm32f10x_rcc.o(i.RCC_APB2PeriphResetCmd)
    RCC_GetClocksFreq                        0x08002e7d   Thumb Code   192  stm32f10x_rcc.o(i.RCC_GetClocksFreq)
    R_Test                                   0x08002f51   Thumb Code   156  flash.o(i.R_Test)
    Read_Data                                0x0800301d   Thumb Code    76  git.o(i.Read_Data)
    Reset_Threshole_Value                    0x08003079   Thumb Code    18  git.o(i.Reset_Threshole_Value)
    SVC_Handler                              0x0800308b   Thumb Code     2  stm32f10x_it.o(i.SVC_Handler)
    Send_Usart2                              0x0800308d   Thumb Code    42  usart2.o(i.Send_Usart2)
    SoftWare_Init                            0x080031b1   Thumb Code    64  main.o(i.SoftWare_Init)
    StringToHex                              0x08003209   Thumb Code   234  ds1302.o(i.StringToHex)
    SysTick_CLKSourceConfig                  0x080032f3   Thumb Code    40  misc.o(i.SysTick_CLKSourceConfig)
    SysTick_Handler                          0x0800331b   Thumb Code     2  stm32f10x_it.o(i.SysTick_Handler)
    SystemInit                               0x0800331d   Thumb Code    78  system_stm32f10x.o(i.SystemInit)
    System_PB34_setIO                        0x0800337d   Thumb Code    36  led.o(i.System_PB34_setIO)
    System_ReadInteriorFlash                 0x080033a9   Thumb Code    58  flash.o(i.System_ReadInteriorFlash)
    System_WriteInteriorFlash                0x080033e9   Thumb Code   354  flash.o(i.System_WriteInteriorFlash)
    TIM3_PWM_Init                            0x08003565   Thumb Code   360  sg90.o(i.TIM3_PWM_Init)
    TIM4_IRQHandler                          0x080036d9   Thumb Code   174  timer.o(i.TIM4_IRQHandler)
    TIM_ARRPreloadConfig                     0x080037a5   Thumb Code    24  stm32f10x_tim.o(i.TIM_ARRPreloadConfig)
    TIM_ClearFlag                            0x080037bd   Thumb Code     6  stm32f10x_tim.o(i.TIM_ClearFlag)
    TIM_ClearITPendingBit                    0x080037c3   Thumb Code     6  stm32f10x_tim.o(i.TIM_ClearITPendingBit)
    TIM_Cmd                                  0x080037c9   Thumb Code    24  stm32f10x_tim.o(i.TIM_Cmd)
    TIM_CtrlPWMOutputs                       0x080037e1   Thumb Code    30  stm32f10x_tim.o(i.TIM_CtrlPWMOutputs)
    TIM_DeInit                               0x08003801   Thumb Code   424  stm32f10x_tim.o(i.TIM_DeInit)
    TIM_GetITStatus                          0x080039e9   Thumb Code    34  stm32f10x_tim.o(i.TIM_GetITStatus)
    TIM_ITConfig                             0x08003a0b   Thumb Code    18  stm32f10x_tim.o(i.TIM_ITConfig)
    TIM_OC1Init                              0x08003a1d   Thumb Code   132  stm32f10x_tim.o(i.TIM_OC1Init)
    TIM_OC1PreloadConfig                     0x08003ab5   Thumb Code    18  stm32f10x_tim.o(i.TIM_OC1PreloadConfig)
    TIM_OC2Init                              0x08003ac9   Thumb Code   154  stm32f10x_tim.o(i.TIM_OC2Init)
    TIM_OC2PreloadConfig                     0x08003b6d   Thumb Code    26  stm32f10x_tim.o(i.TIM_OC2PreloadConfig)
    TIM_OC3Init                              0x08003b89   Thumb Code   150  stm32f10x_tim.o(i.TIM_OC3Init)
    TIM_OC3PreloadConfig                     0x08003c29   Thumb Code    18  stm32f10x_tim.o(i.TIM_OC3PreloadConfig)
    TIM_OC4Init                              0x08003c3d   Thumb Code   114  stm32f10x_tim.o(i.TIM_OC4Init)
    TIM_OC4PreloadConfig                     0x08003cb9   Thumb Code    26  stm32f10x_tim.o(i.TIM_OC4PreloadConfig)
    TIM_SetCompare1                          0x08003cd3   Thumb Code     4  stm32f10x_tim.o(i.TIM_SetCompare1)
    TIM_SetCompare2                          0x08003cd7   Thumb Code     4  stm32f10x_tim.o(i.TIM_SetCompare2)
    TIM_SetCompare3                          0x08003cdb   Thumb Code     4  stm32f10x_tim.o(i.TIM_SetCompare3)
    TIM_SetCompare4                          0x08003cdf   Thumb Code     6  stm32f10x_tim.o(i.TIM_SetCompare4)
    TIM_TimeBaseInit                         0x08003ce5   Thumb Code   122  stm32f10x_tim.o(i.TIM_TimeBaseInit)
    USART1_IRQHandler                        0x08003d9d   Thumb Code   100  usart.o(i.USART1_IRQHandler)
    USART2_IRQHandler                        0x08003e15   Thumb Code    70  usart2.o(i.USART2_IRQHandler)
    USART3_IRQHandler                        0x08003e71   Thumb Code    62  usart3.o(i.USART3_IRQHandler)
    USART_ClearFlag                          0x08003ebd   Thumb Code    18  stm32f10x_usart.o(i.USART_ClearFlag)
    USART_Cmd                                0x08003ecf   Thumb Code    24  stm32f10x_usart.o(i.USART_Cmd)
    USART_GetFlagStatus                      0x08003ee7   Thumb Code    26  stm32f10x_usart.o(i.USART_GetFlagStatus)
    USART_GetITStatus                        0x08003f01   Thumb Code    84  stm32f10x_usart.o(i.USART_GetITStatus)
    USART_ITConfig                           0x08003f55   Thumb Code    74  stm32f10x_usart.o(i.USART_ITConfig)
    USART_Init                               0x08003fa1   Thumb Code   210  stm32f10x_usart.o(i.USART_Init)
    USART_ReceiveData                        0x08004079   Thumb Code    10  stm32f10x_usart.o(i.USART_ReceiveData)
    USART_SendData                           0x08004083   Thumb Code     8  stm32f10x_usart.o(i.USART_SendData)
    Uart2_funtction                          0x0800408d   Thumb Code    64  usart2.o(i.Uart2_funtction)
    Update_device_massage                    0x080040f5   Thumb Code   238  git.o(i.Update_device_massage)
    Update_oled_massage                      0x08004205   Thumb Code   416  git.o(i.Update_oled_massage)
    UsageFault_Handler                       0x0800449d   Thumb Code     4  stm32f10x_it.o(i.UsageFault_Handler)
    Usart1_Init                              0x080044a1   Thumb Code   152  usart.o(i.Usart1_Init)
    Usart2_Init                              0x08004541   Thumb Code   138  usart2.o(i.Usart2_Init)
    Usart3_Init                              0x080045d5   Thumb Code   162  usart3.o(i.Usart3_Init)
    Usart3_SendString                        0x08004681   Thumb Code    44  usart3.o(i.Usart3_SendString)
    Usart_SendByte                           0x080046b1   Thumb Code    30  usart.o(i.Usart_SendByte)
    W_Alarm1_Time                            0x080046d1   Thumb Code   132  flash.o(i.W_Alarm1_Time)
    W_Test                                   0x08004779   Thumb Code    44  flash.o(i.W_Test)
    __0printf                                0x080047b5   Thumb Code    22  printfa.o(i.__0printf)
    __1printf                                0x080047b5   Thumb Code     0  printfa.o(i.__0printf)
    __2printf                                0x080047b5   Thumb Code     0  printfa.o(i.__0printf)
    __c89printf                              0x080047b5   Thumb Code     0  printfa.o(i.__0printf)
    printf                                   0x080047b5   Thumb Code     0  printfa.o(i.__0printf)
    __0sprintf                               0x080047d5   Thumb Code    34  printfa.o(i.__0sprintf)
    __1sprintf                               0x080047d5   Thumb Code     0  printfa.o(i.__0sprintf)
    __2sprintf                               0x080047d5   Thumb Code     0  printfa.o(i.__0sprintf)
    __c89sprintf                             0x080047d5   Thumb Code     0  printfa.o(i.__0sprintf)
    sprintf                                  0x080047d5   Thumb Code     0  printfa.o(i.__0sprintf)
    __0vsprintf                              0x080047fd   Thumb Code    30  printfa.o(i.__0vsprintf)
    __1vsprintf                              0x080047fd   Thumb Code     0  printfa.o(i.__0vsprintf)
    __2vsprintf                              0x080047fd   Thumb Code     0  printfa.o(i.__0vsprintf)
    __c89vsprintf                            0x080047fd   Thumb Code     0  printfa.o(i.__0vsprintf)
    vsprintf                                 0x080047fd   Thumb Code     0  printfa.o(i.__0vsprintf)
    __aeabi_errno_addr                       0x08004821   Thumb Code     4  errno.o(i.__aeabi_errno_addr)
    __rt_errno_addr                          0x08004821   Thumb Code     0  errno.o(i.__aeabi_errno_addr)
    free                                     0x08004829   Thumb Code    88  mallocr.o(i.__free$realloc)
    malloc                                   0x08004885   Thumb Code    64  mallocr.o(i.__malloc$realloc)
    __scatterload_copy                       0x080048d5   Thumb Code    14  handlers.o(i.__scatterload_copy)
    __scatterload_null                       0x080048e3   Thumb Code     2  handlers.o(i.__scatterload_null)
    __scatterload_zeroinit                   0x080048e5   Thumb Code    14  handlers.o(i.__scatterload_zeroinit)
    _is_digit                                0x08004a79   Thumb Code    14  scanf_fp.o(i._is_digit)
    cJSON_Delete                             0x08005209   Thumb Code    84  cjson.o(i.cJSON_Delete)
    cJSON_GetObjectItem                      0x08005261   Thumb Code    18  cjson.o(i.cJSON_GetObjectItem)
    cJSON_Parse                              0x0800528d   Thumb Code    16  cjson.o(i.cJSON_Parse)
    cJSON_ParseWithLengthOpts                0x0800529d   Thumb Code   204  cjson.o(i.cJSON_ParseWithLengthOpts)
    cJSON_ParseWithOpts                      0x08005371   Thumb Code    40  cjson.o(i.cJSON_ParseWithOpts)
    delay_init                               0x080053e1   Thumb Code    50  delay.o(i.delay_init)
    delay_ms                                 0x08005425   Thumb Code    72  delay.o(i.delay_ms)
    delay_us                                 0x08005471   Thumb Code    72  delay.o(i.delay_us)
    drugBuf                                  0x080054bd   Thumb Code    90  ga10.o(i.drugBuf)
    fputc                                    0x08005589   Thumb Code    24  usart.o(i.fputc)
    heart_IIC_Ack                            0x080055fd   Thumb Code    48  heartiic.o(i.heart_IIC_Ack)
    heart_IIC_Init                           0x08005635   Thumb Code    80  heartiic.o(i.heart_IIC_Init)
    heart_IIC_NAck                           0x08005691   Thumb Code    48  heartiic.o(i.heart_IIC_NAck)
    heart_IIC_Read_Byte                      0x080056c9   Thumb Code    80  heartiic.o(i.heart_IIC_Read_Byte)
    heart_IIC_Send_Byte                      0x08005721   Thumb Code    72  heartiic.o(i.heart_IIC_Send_Byte)
    heart_IIC_Start                          0x08005771   Thumb Code    46  heartiic.o(i.heart_IIC_Start)
    heart_IIC_Stop                           0x080057a9   Thumb Code    44  heartiic.o(i.heart_IIC_Stop)
    heart_IIC_Wait_Ack                       0x080057dd   Thumb Code    68  heartiic.o(i.heart_IIC_Wait_Ack)
    main                                     0x08005879   Thumb Code    66  main.o(i.main)
    massage_parse_json                       0x080058c5   Thumb Code   250  git.o(i.massage_parse_json)
    massage_speak                            0x08005a1d   Thumb Code    80  git.o(i.massage_speak)
    max30102_Bus_Read                        0x08005a75   Thumb Code    82  max30102.o(i.max30102_Bus_Read)
    max30102_Bus_Write                       0x08005ac7   Thumb Code    68  max30102.o(i.max30102_Bus_Write)
    max30102_FIFO_ReadBytes                  0x08005b0b   Thumb Code   128  max30102.o(i.max30102_FIFO_ReadBytes)
    max30102_init                            0x08005b8d   Thumb Code   128  max30102.o(i.max30102_init)
    max30102_reset                           0x08005c11   Thumb Code    20  max30102.o(i.max30102_reset)
    maxim_find_peaks                         0x08005c25   Thumb Code    66  algorithm.o(i.maxim_find_peaks)
    maxim_heart_rate_and_oxygen_saturation   0x08005c69   Thumb Code  1272  algorithm.o(i.maxim_heart_rate_and_oxygen_saturation)
    maxim_peaks_above_min_height             0x08006169   Thumb Code   122  algorithm.o(i.maxim_peaks_above_min_height)
    maxim_remove_close_peaks                 0x080061e3   Thumb Code   114  algorithm.o(i.maxim_remove_close_peaks)
    maxim_sort_ascend                        0x08006255   Thumb Code    54  algorithm.o(i.maxim_sort_ascend)
    maxim_sort_indices_descend               0x0800628b   Thumb Code    64  algorithm.o(i.maxim_sort_indices_descend)
    realloc                                  0x0800695d   Thumb Code   102  mallocr.o(i.realloc)
    strtod                                   0x08006a05   Thumb Code    28  strtod.o(i.strtod)
    task1                                    0x08006a21   Thumb Code   116  main.o(i.task1)
    task2                                    0x08006ac9   Thumb Code    20  main.o(i.task2)
    task3                                    0x08006ae5   Thumb Code    58  main.o(i.task3)
    timer_init                               0x08006b25   Thumb Code    28  task.o(i.timer_init)
    timer_loop                               0x08006b45   Thumb Code    54  task.o(i.timer_loop)
    timer_start                              0x08006b85   Thumb Code    38  task.o(i.timer_start)
    timer_stop                               0x08006bb1   Thumb Code    32  task.o(i.timer_stop)
    timer_ticks                              0x08006bd5   Thumb Code    12  task.o(i.timer_ticks)
    u2_printf                                0x08006be5   Thumb Code    72  usart2.o(i.u2_printf)
    auw_hamm                                 0x08006d84   Data          62  algorithm.o(.constdata)
    uch_spo2_table                           0x08006dc2   Data         184  algorithm.o(.constdata)
    __ctype_table                            0x08006e7a   Data         129  ctype_o.o(.constdata)
    Region$$Table$$Base                      0x08006f98   Number         0  anon$$obj.o(Region$$Table)
    Region$$Table$$Limit                     0x08006fb8   Number         0  anon$$obj.o(Region$$Table)
    n_ir_buffer_length                       0x20000000   Data           4  main.o(.data)
    n_sp02                                   0x20000004   Data           4  main.o(.data)
    ch_spo2_valid                            0x20000008   Data           1  main.o(.data)
    n_heart_rate                             0x2000000c   Data           4  main.o(.data)
    ch_hr_valid                              0x20000010   Data           1  main.o(.data)
    uch_dummy                                0x20000011   Data           1  main.o(.data)
    un_min                                   0x20000014   Data           4  main.o(.data)
    un_max                                   0x20000018   Data           4  main.o(.data)
    un_prev_data                             0x2000001c   Data           4  main.o(.data)
    i                                        0x20000020   Data           4  main.o(.data)
    n_brightness                             0x20000024   Data           4  main.o(.data)
    f_temp                                   0x20000028   Data           4  main.o(.data)
    temp_num                                 0x2000002c   Data           1  main.o(.data)
    temp                                     0x2000002d   Data           6  main.o(.data)
    dis_hr                                   0x20000033   Data           1  main.o(.data)
    dis_spo2                                 0x20000034   Data           1  main.o(.data)
    Connect_Net                              0x20000035   Data           1  main.o(.data)
    topics                                   0x20000038   Data           4  main.o(.data)
    SystemCoreClock                          0x2000003c   Data           4  system_stm32f10x.o(.data)
    AHBPrescTable                            0x20000040   Data          16  system_stm32f10x.o(.data)
    zf                                       0x20000054   Data        1520  oled.o(.data)
    hz                                       0x20000644   Data         832  oled.o(.data)
    hz_index                                 0x20000984   Data          53  oled.o(.data)
    zf_index                                 0x200009b9   Data          96  oled.o(.data)
    HZ                                       0x20000a1c   Data           4  oled.o(.data)
    addrShort0                               0x20000a20   Data           4  flash.o(.data)
    addrShort1                               0x20000a24   Data           4  flash.o(.data)
    addrShort2                               0x20000a28   Data           4  flash.o(.data)
    addrShort3                               0x20000a2c   Data           4  flash.o(.data)
    addrShort4                               0x20000a30   Data           4  flash.o(.data)
    addrShort5                               0x20000a34   Data           4  flash.o(.data)
    addrShort6                               0x20000a38   Data           4  flash.o(.data)
    addrShort7                               0x20000a3c   Data           4  flash.o(.data)
    addrShort8                               0x20000a40   Data           4  flash.o(.data)
    addrShort9                               0x20000a44   Data           4  flash.o(.data)
    addrShort10                              0x20000a48   Data           4  flash.o(.data)
    Uart2_RecvCount                          0x20000a4c   Data           2  usart2.o(.data)
    Uart2_EnterRecvFlg                       0x20000a4e   Data           1  usart2.o(.data)
    time_buf                                 0x20000a50   Data           8  ds1302.o(.data)
    TIME_SET                                 0x20000a58   Data           4  ds1302.o(.data)
    time_set                                 0x20000a5c   Data           8  ds1302.o(.data)
    ALARM1_SET                               0x20000a64   Data           4  ds1302.o(.data)
    ALARM2_SET                               0x20000a68   Data           4  ds1302.o(.data)
    alarm1_set                               0x20000a6c   Data           2  ds1302.o(.data)
    alarm2_set                               0x20000a6e   Data           2  ds1302.o(.data)
    alarm3_set                               0x20000a70   Data           2  ds1302.o(.data)
    alarm4_set                               0x20000a72   Data           2  ds1302.o(.data)
    alarm5_set                               0x20000a74   Data           2  ds1302.o(.data)
    alarm6_set                               0x20000a76   Data           2  ds1302.o(.data)
    sec_buf                                  0x20000a78   Data           1  ds1302.o(.data)
    sec_flag                                 0x20000a79   Data           1  ds1302.o(.data)
    __stdout                                 0x20000a80   Data           4  usart.o(.data)
    USART_RX_STA                             0x20000a84   Data           2  usart.o(.data)
    USART_STA                                0x20000a86   Data           2  usart.o(.data)
    USART_RX_LEN                             0x20000a88   Data           2  usart.o(.data)
    esp8266_cnt                              0x20000ab4   Data           2  usart3.o(.data)
    esp8266_cntPre                           0x20000ab6   Data           2  usart3.o(.data)
    threshold_value_init                     0x20000ab8   Data           8  git.o(.data)
    time                                     0x20000ac0   Data           8  git.o(.data)
    sec                                      0x20000ac8   Data           1  git.o(.data)
    time_4                                   0x20000ad4   Data           4  timer.o(.data)
    time25ms                                 0x20000ad8   Data           1  timer.o(.data)
    Usart2_Time                              0x20000ada   Data           2  timer.o(.data)
    TimeCount1ms                             0x20000adc   Data           4  timer.o(.data)
    bTimeout10ms                             0x20000ae0   Data           1  timer.o(.data)
    __microlib_freelist                      0x20000ae4   Data           4  mvars.o(.data)
    __microlib_freelist_initialised          0x20000ae8   Data           4  mvars.o(.data)
    aun_ir_buffer                            0x200012f0   Data        2000  main.o(.bss)
    aun_red_buffer                           0x20001ac0   Data        2000  main.o(.bss)
    str                                      0x20002290   Data          50  main.o(.bss)
    USART2_RX_BUF                            0x20004a54   Data         256  usart2.o(.bss)
    USART2_TX_BUF                            0x20004b54   Data         256  usart2.o(.bss)
    USART_RX_BUF                             0x20004c54   Data         200  usart.o(.bss)
    esp8266_buf                              0x2000551c   Data         256  usart3.o(.bss)
    Data_init                                0x20005e1c   Data          28  git.o(.bss)
    device_state_init                        0x20005e38   Data          19  git.o(.bss)
    __heap_base                              0x20005e50   Data           0  startup_stm32f10x_hd.o(HEAP)
    __heap_limit                             0x20006a50   Data           0  startup_stm32f10x_hd.o(HEAP)
    __initial_sp                             0x20006e50   Data           0  startup_stm32f10x_hd.o(STACK)



==============================================================================

Memory Map of the image

  Image Entry point : 0x08000145

  Load Region LR_1 (Base: 0x08000000, Size: 0x00007aa8, Max: 0xffffffff, ABSOLUTE, COMPRESSED[0x000076e4])

    Execution Region ER_RO (Exec base: 0x08000000, Load base: 0x08000000, Size: 0x00006fb8, Max: 0xffffffff, ABSOLUTE)

    Exec Addr    Load Addr    Size         Type   Attr      Idx    E Section Name        Object

    0x08000000   0x08000000   0x00000130   Data   RO         1086    RESET               startup_stm32f10x_hd.o
    0x08000130   0x08000130   0x00000000   Code   RO         3933  * .ARM.Collect$$$$00000000  mc_w.l(entry.o)
    0x08000130   0x08000130   0x00000004   Code   RO         4277    .ARM.Collect$$$$00000001  mc_w.l(entry2.o)
    0x08000134   0x08000134   0x00000004   Code   RO         4280    .ARM.Collect$$$$00000004  mc_w.l(entry5.o)
    0x08000138   0x08000138   0x00000000   Code   RO         4282    .ARM.Collect$$$$00000008  mc_w.l(entry7b.o)
    0x08000138   0x08000138   0x00000000   Code   RO         4284    .ARM.Collect$$$$0000000A  mc_w.l(entry8b.o)
    0x08000138   0x08000138   0x00000008   Code   RO         4285    .ARM.Collect$$$$0000000B  mc_w.l(entry9a.o)
    0x08000140   0x08000140   0x00000000   Code   RO         4287    .ARM.Collect$$$$0000000D  mc_w.l(entry10a.o)
    0x08000140   0x08000140   0x00000000   Code   RO         4289    .ARM.Collect$$$$0000000F  mc_w.l(entry11a.o)
    0x08000140   0x08000140   0x00000004   Code   RO         4278    .ARM.Collect$$$$00002712  mc_w.l(entry2.o)
    0x08000144   0x08000144   0x00000024   Code   RO         1087  * .text               startup_stm32f10x_hd.o
    0x08000168   0x08000168   0x0000000c   Code   RO         3936    .text               mc_w.l(tolower.o)
    0x08000174   0x08000174   0x00000024   Code   RO         3938    .text               mc_w.l(memcpya.o)
    0x08000198   0x08000198   0x00000024   Code   RO         3940    .text               mc_w.l(memseta.o)
    0x080001bc   0x080001bc   0x00000018   Code   RO         3942    .text               mc_w.l(strcat.o)
    0x080001d4   0x080001d4   0x00000024   Code   RO         3944    .text               mc_w.l(strstr.o)
    0x080001f8   0x080001f8   0x00000014   Code   RO         3946    .text               mc_w.l(strchr.o)
    0x0800020c   0x0800020c   0x0000000e   Code   RO         3948    .text               mc_w.l(strlen.o)
    0x0800021a   0x0800021a   0x0000001c   Code   RO         3950    .text               mc_w.l(strcmp.o)
    0x08000236   0x08000236   0x0000001e   Code   RO         3954    .text               mc_w.l(strncmp.o)
    0x08000254   0x08000254   0x00000360   Code   RO         4249    .text               mc_w.l(scanf_fp.o)
    0x080005b4   0x080005b4   0x0000001a   Code   RO         4253    .text               mc_w.l(atoi.o)
    0x080005ce   0x080005ce   0x00000064   Code   RO         4255    .text               mf_w.l(fmul.o)
    0x08000632   0x08000632   0x0000007c   Code   RO         4257    .text               mf_w.l(fdiv.o)
    0x080006ae   0x080006ae   0x0000014e   Code   RO         4259    .text               mf_w.l(dadd.o)
    0x080007fc   0x080007fc   0x000000e4   Code   RO         4261    .text               mf_w.l(dmul.o)
    0x080008e0   0x080008e0   0x0000000a   Code   RO         4263    .text               mf_w.l(ffltui.o)
    0x080008ea   0x080008ea   0x00000022   Code   RO         4265    .text               mf_w.l(dflti.o)
    0x0800090c   0x0800090c   0x00000032   Code   RO         4267    .text               mf_w.l(ffixi.o)
    0x0800093e   0x0800093e   0x0000003e   Code   RO         4269    .text               mf_w.l(dfixi.o)
    0x0800097c   0x0800097c   0x00000030   Code   RO         4273    .text               mf_w.l(cdcmple.o)
    0x080009ac   0x080009ac   0x00000030   Code   RO         4275    .text               mf_w.l(cdrcmple.o)
    0x080009dc   0x080009dc   0x0000002c   Code   RO         4291    .text               mc_w.l(uidiv.o)
    0x08000a08   0x08000a08   0x00000062   Code   RO         4293    .text               mc_w.l(uldiv.o)
    0x08000a6a   0x08000a6a   0x0000001e   Code   RO         4295    .text               mc_w.l(llshl.o)
    0x08000a88   0x08000a88   0x00000020   Code   RO         4297    .text               mc_w.l(llushr.o)
    0x08000aa8   0x08000aa8   0x00000024   Code   RO         4299    .text               mc_w.l(llsshr.o)
    0x08000acc   0x08000acc   0x00000040   Code   RO         4312    .text               mc_w.l(_sgetc.o)
    0x08000b0c   0x08000b0c   0x0000009c   Code   RO         4314    .text               mc_w.l(strtod.o)
    0x08000ba8   0x08000ba8   0x00000070   Code   RO         4316    .text               mc_w.l(strtol.o)
    0x08000c18   0x08000c18   0x00000000   Code   RO         4318    .text               mc_w.l(iusefp.o)
    0x08000c18   0x08000c18   0x0000006e   Code   RO         4319    .text               mf_w.l(fepilogue.o)
    0x08000c86   0x08000c86   0x000000ba   Code   RO         4321    .text               mf_w.l(depilogue.o)
    0x08000d40   0x08000d40   0x000000de   Code   RO         4323    .text               mf_w.l(ddiv.o)
    0x08000e1e   0x08000e1e   0x00000018   Code   RO         4325    .text               mf_w.l(dfltul.o)
    0x08000e36   0x08000e36   0x00000030   Code   RO         4327    .text               mf_w.l(dfixul.o)
    0x08000e66   0x08000e66   0x00000038   Code   RO         4329    .text               mf_w.l(d2f.o)
    0x08000e9e   0x08000e9e   0x00000002   PAD
    0x08000ea0   0x08000ea0   0x00000024   Code   RO         4331    .text               mc_w.l(init.o)
    0x08000ec4   0x08000ec4   0x00000008   Code   RO         4335    .text               mc_w.l(ctype_o.o)
    0x08000ecc   0x08000ecc   0x00000012   Code   RO         4357    .text               mc_w.l(isspace_o.o)
    0x08000ede   0x08000ede   0x0000009e   Code   RO         4365    .text               mc_w.l(_strtoul.o)
    0x08000f7c   0x08000f7c   0x0000001c   Code   RO         4370    .text               mc_w.l(_chval.o)
    0x08000f98   0x08000f98   0x00000056   Code   RO         4380    .text               mc_w.l(__dczerorl2.o)
    0x08000fee   0x08000fee   0x00000002   PAD
    0x08000ff0   0x08000ff0   0x00000294   Code   RO         3764    i.Automation_Close  git.o
    0x08001284   0x08001284   0x00000004   Code   RO          228    i.BusFault_Handler  stm32f10x_it.o
    0x08001288   0x08001288   0x00000234   Code   RO         3765    i.Check_Key_ON_OFF  git.o
    0x080014bc   0x080014bc   0x000000c4   Code   RO          863    i.DS1302_AlarmTime  ds1302.o
    0x08001580   0x08001580   0x000000cc   Code   RO          864    i.DS1302_GetTime    ds1302.o
    0x0800164c   0x0800164c   0x00000054   Code   RO          865    i.DS1302_Init       ds1302.o
    0x080016a0   0x080016a0   0x000000a4   Code   RO          866    i.DS1302_ReadByte   ds1302.o
    0x08001744   0x08001744   0x00000054   Code   RO          867    i.DS1302_ReadTime   ds1302.o
    0x08001798   0x08001798   0x000000a8   Code   RO          868    i.DS1302_WriteByte  ds1302.o
    0x08001840   0x08001840   0x00000090   Code   RO          869    i.DS1302_WriteTime  ds1302.o
    0x080018d0   0x080018d0   0x00000002   Code   RO          229    i.DebugMon_Handler  stm32f10x_it.o
    0x080018d2   0x080018d2   0x00000002   PAD
    0x080018d4   0x080018d4   0x0000001c   Code   RO         3648    i.ESP8266_Clear     usart3.o
    0x080018f0   0x080018f0   0x00000050   Code   RO         3649    i.ESP8266_GetIPD    usart3.o
    0x08001940   0x08001940   0x00000034   Code   RO         3653    i.ESP8266_WaitRecive  usart3.o
    0x08001974   0x08001974   0x00000248   Code   RO         3712    i.FillBuf           ga10.o
    0x08001bbc   0x08001bbc   0x00000334   Code   RO         3713    i.GA10_Init         ga10.o
    0x08001ef0   0x08001ef0   0x00000060   Code   RO         3714    i.GA10_SendCmd      ga10.o
    0x08001f50   0x08001f50   0x00000018   Code   RO          400    i.GB16_NUM          oled.o
    0x08001f68   0x08001f68   0x00000052   Code   RO         3872    i.GENERAL_TIMClock_Enable  timer.o
    0x08001fba   0x08001fba   0x00000020   Code   RO         3873    i.GENERAL_TIM_Init  timer.o
    0x08001fda   0x08001fda   0x000000ac   Code   RO         3874    i.GENERAL_TIM_Mode_Config  timer.o
    0x08002086   0x08002086   0x0000004c   Code   RO         3875    i.GENERAL_TIM_NVIC_Config  timer.o
    0x080020d2   0x080020d2   0x00000116   Code   RO         1133    i.GPIO_Init         stm32f10x_gpio.o
    0x080021e8   0x080021e8   0x00000090   Code   RO         1135    i.GPIO_PinRemapConfig  stm32f10x_gpio.o
    0x08002278   0x08002278   0x00000012   Code   RO         1137    i.GPIO_ReadInputDataBit  stm32f10x_gpio.o
    0x0800228a   0x0800228a   0x00000004   Code   RO         1140    i.GPIO_ResetBits    stm32f10x_gpio.o
    0x0800228e   0x0800228e   0x00000004   Code   RO         1141    i.GPIO_SetBits      stm32f10x_gpio.o
    0x08002292   0x08002292   0x00000004   Code   RO          230    i.HardFault_Handler  stm32f10x_it.o
    0x08002296   0x08002296   0x00000002   PAD
    0x08002298   0x08002298   0x000001e0   Code   RO            1    i.Hardware_Init     main.o
    0x08002478   0x08002478   0x00000028   Code   RO          630    i.Heart_SDA_IN      heartiic.o
    0x080024a0   0x080024a0   0x0000002c   Code   RO          631    i.Heart_SDA_OUT     heartiic.o
    0x080024cc   0x080024cc   0x000002b4   Code   RO            2    i.Heart_num         main.o
    0x08002780   0x08002780   0x00000094   Code   RO          375    i.KEY_Scan          key.o
    0x08002814   0x08002814   0x0000004c   Code   RO          376    i.Key_GPIO_Config   key.o
    0x08002860   0x08002860   0x00000038   Code   RO          351    i.LED_Init          led.o
    0x08002898   0x08002898   0x00000004   Code   RO          231    i.MemManage_Handler  stm32f10x_it.o
    0x0800289c   0x0800289c   0x000000a0   Code   RO         3716    i.Mqtt_Pub          ga10.o
    0x0800293c   0x0800293c   0x00000002   Code   RO          232    i.NMI_Handler       stm32f10x_it.o
    0x0800293e   0x0800293e   0x0000002a   Code   RO          778    i.NVIC_Configuration  usart2.o
    0x08002968   0x08002968   0x00000070   Code   RO         1091    i.NVIC_Init         misc.o
    0x080029d8   0x080029d8   0x00000014   Code   RO         1092    i.NVIC_PriorityGroupConfig  misc.o
    0x080029ec   0x080029ec   0x00000074   Code   RO            3    i.Net_Init          main.o
    0x08002a60   0x08002a60   0x0000000a   Code   RO          401    i.OLED_Clear        oled.o
    0x08002a6a   0x08002a6a   0x0000001c   Code   RO          403    i.OLED_ColorTurn    oled.o
    0x08002a86   0x08002a86   0x0000002c   Code   RO          406    i.OLED_DisplayTurn  oled.o
    0x08002ab2   0x08002ab2   0x00000042   Code   RO          409    i.OLED_Fill         oled.o
    0x08002af4   0x08002af4   0x0000011c   Code   RO          410    i.OLED_Init         oled.o
    0x08002c10   0x08002c10   0x00000138   Code   RO          412    i.OLED_ShowCH       oled.o
    0x08002d48   0x08002d48   0x0000002a   Code   RO          416    i.OLED_WR_BP        oled.o
    0x08002d72   0x08002d72   0x00000002   PAD
    0x08002d74   0x08002d74   0x00000084   Code   RO          417    i.OLED_WR_Byte      oled.o
    0x08002df8   0x08002df8   0x00000002   Code   RO          233    i.PendSV_Handler    stm32f10x_it.o
    0x08002dfa   0x08002dfa   0x00000002   PAD
    0x08002dfc   0x08002dfc   0x00000020   Code   RO         2655    i.RCC_APB1PeriphClockCmd  stm32f10x_rcc.o
    0x08002e1c   0x08002e1c   0x00000020   Code   RO         2656    i.RCC_APB1PeriphResetCmd  stm32f10x_rcc.o
    0x08002e3c   0x08002e3c   0x00000020   Code   RO         2657    i.RCC_APB2PeriphClockCmd  stm32f10x_rcc.o
    0x08002e5c   0x08002e5c   0x00000020   Code   RO         2658    i.RCC_APB2PeriphResetCmd  stm32f10x_rcc.o
    0x08002e7c   0x08002e7c   0x000000d4   Code   RO         2665    i.RCC_GetClocksFreq  stm32f10x_rcc.o
    0x08002f50   0x08002f50   0x000000cc   Code   RO          530    i.R_Test            flash.o
    0x0800301c   0x0800301c   0x0000005c   Code   RO         3766    i.Read_Data         git.o
    0x08003078   0x08003078   0x00000012   Code   RO         3767    i.Reset_Threshole_Value  git.o
    0x0800308a   0x0800308a   0x00000002   Code   RO          234    i.SVC_Handler       stm32f10x_it.o
    0x0800308c   0x0800308c   0x0000003c   Code   RO          779    i.Send_Usart2       usart2.o
    0x080030c8   0x080030c8   0x00000008   Code   RO          317    i.SetSysClock       system_stm32f10x.o
    0x080030d0   0x080030d0   0x000000e0   Code   RO          318    i.SetSysClockTo72   system_stm32f10x.o
    0x080031b0   0x080031b0   0x00000058   Code   RO            4    i.SoftWare_Init     main.o
    0x08003208   0x08003208   0x000000ea   Code   RO          870    i.StringToHex       ds1302.o
    0x080032f2   0x080032f2   0x00000028   Code   RO         1095    i.SysTick_CLKSourceConfig  misc.o
    0x0800331a   0x0800331a   0x00000002   Code   RO          235    i.SysTick_Handler   stm32f10x_it.o
    0x0800331c   0x0800331c   0x00000060   Code   RO          320    i.SystemInit        system_stm32f10x.o
    0x0800337c   0x0800337c   0x0000002c   Code   RO          352    i.System_PB34_setIO  led.o
    0x080033a8   0x080033a8   0x00000040   Code   RO          531    i.System_ReadInteriorFlash  flash.o
    0x080033e8   0x080033e8   0x0000017c   Code   RO          532    i.System_WriteInteriorFlash  flash.o
    0x08003564   0x08003564   0x00000174   Code   RO          844    i.TIM3_PWM_Init     sg90.o
    0x080036d8   0x080036d8   0x000000cc   Code   RO         3876    i.TIM4_IRQHandler   timer.o
    0x080037a4   0x080037a4   0x00000018   Code   RO         1599    i.TIM_ARRPreloadConfig  stm32f10x_tim.o
    0x080037bc   0x080037bc   0x00000006   Code   RO         1605    i.TIM_ClearFlag     stm32f10x_tim.o
    0x080037c2   0x080037c2   0x00000006   Code   RO         1606    i.TIM_ClearITPendingBit  stm32f10x_tim.o
    0x080037c8   0x080037c8   0x00000018   Code   RO         1611    i.TIM_Cmd           stm32f10x_tim.o
    0x080037e0   0x080037e0   0x0000001e   Code   RO         1613    i.TIM_CtrlPWMOutputs  stm32f10x_tim.o
    0x080037fe   0x080037fe   0x00000002   PAD
    0x08003800   0x08003800   0x000001e8   Code   RO         1616    i.TIM_DeInit        stm32f10x_tim.o
    0x080039e8   0x080039e8   0x00000022   Code   RO         1632    i.TIM_GetITStatus   stm32f10x_tim.o
    0x08003a0a   0x08003a0a   0x00000012   Code   RO         1636    i.TIM_ITConfig      stm32f10x_tim.o
    0x08003a1c   0x08003a1c   0x00000098   Code   RO         1640    i.TIM_OC1Init       stm32f10x_tim.o
    0x08003ab4   0x08003ab4   0x00000012   Code   RO         1643    i.TIM_OC1PreloadConfig  stm32f10x_tim.o
    0x08003ac6   0x08003ac6   0x00000002   PAD
    0x08003ac8   0x08003ac8   0x000000a4   Code   RO         1645    i.TIM_OC2Init       stm32f10x_tim.o
    0x08003b6c   0x08003b6c   0x0000001a   Code   RO         1648    i.TIM_OC2PreloadConfig  stm32f10x_tim.o
    0x08003b86   0x08003b86   0x00000002   PAD
    0x08003b88   0x08003b88   0x000000a0   Code   RO         1650    i.TIM_OC3Init       stm32f10x_tim.o
    0x08003c28   0x08003c28   0x00000012   Code   RO         1653    i.TIM_OC3PreloadConfig  stm32f10x_tim.o
    0x08003c3a   0x08003c3a   0x00000002   PAD
    0x08003c3c   0x08003c3c   0x0000007c   Code   RO         1655    i.TIM_OC4Init       stm32f10x_tim.o
    0x08003cb8   0x08003cb8   0x0000001a   Code   RO         1657    i.TIM_OC4PreloadConfig  stm32f10x_tim.o
    0x08003cd2   0x08003cd2   0x00000004   Code   RO         1672    i.TIM_SetCompare1   stm32f10x_tim.o
    0x08003cd6   0x08003cd6   0x00000004   Code   RO         1673    i.TIM_SetCompare2   stm32f10x_tim.o
    0x08003cda   0x08003cda   0x00000004   Code   RO         1674    i.TIM_SetCompare3   stm32f10x_tim.o
    0x08003cde   0x08003cde   0x00000006   Code   RO         1675    i.TIM_SetCompare4   stm32f10x_tim.o
    0x08003ce4   0x08003ce4   0x000000a4   Code   RO         1682    i.TIM_TimeBaseInit  stm32f10x_tim.o
    0x08003d88   0x08003d88   0x00000014   Code   RO         3877    i.TimeModule_get    timer.o
    0x08003d9c   0x08003d9c   0x00000078   Code   RO         1003    i.USART1_IRQHandler  usart.o
    0x08003e14   0x08003e14   0x0000005c   Code   RO          780    i.USART2_IRQHandler  usart2.o
    0x08003e70   0x08003e70   0x0000004c   Code   RO         3654    i.USART3_IRQHandler  usart3.o
    0x08003ebc   0x08003ebc   0x00000012   Code   RO         1241    i.USART_ClearFlag   stm32f10x_usart.o
    0x08003ece   0x08003ece   0x00000018   Code   RO         1245    i.USART_Cmd         stm32f10x_usart.o
    0x08003ee6   0x08003ee6   0x0000001a   Code   RO         1248    i.USART_GetFlagStatus  stm32f10x_usart.o
    0x08003f00   0x08003f00   0x00000054   Code   RO         1249    i.USART_GetITStatus  stm32f10x_usart.o
    0x08003f54   0x08003f54   0x0000004a   Code   RO         1251    i.USART_ITConfig    stm32f10x_usart.o
    0x08003f9e   0x08003f9e   0x00000002   PAD
    0x08003fa0   0x08003fa0   0x000000d8   Code   RO         1252    i.USART_Init        stm32f10x_usart.o
    0x08004078   0x08004078   0x0000000a   Code   RO         1259    i.USART_ReceiveData  stm32f10x_usart.o
    0x08004082   0x08004082   0x00000008   Code   RO         1262    i.USART_SendData    stm32f10x_usart.o
    0x0800408a   0x0800408a   0x00000002   PAD
    0x0800408c   0x0800408c   0x00000068   Code   RO          781    i.Uart2_funtction   usart2.o
    0x080040f4   0x080040f4   0x00000110   Code   RO         3768    i.Update_device_massage  git.o
    0x08004204   0x08004204   0x00000298   Code   RO         3769    i.Update_oled_massage  git.o
    0x0800449c   0x0800449c   0x00000004   Code   RO          236    i.UsageFault_Handler  stm32f10x_it.o
    0x080044a0   0x080044a0   0x000000a0   Code   RO         1005    i.Usart1_Init       usart.o
    0x08004540   0x08004540   0x00000094   Code   RO          782    i.Usart2_Init       usart2.o
    0x080045d4   0x080045d4   0x000000ac   Code   RO         3655    i.Usart3_Init       usart3.o
    0x08004680   0x08004680   0x00000030   Code   RO         3656    i.Usart3_SendString  usart3.o
    0x080046b0   0x080046b0   0x0000001e   Code   RO         1007    i.Usart_SendByte    usart.o
    0x080046ce   0x080046ce   0x00000002   PAD
    0x080046d0   0x080046d0   0x000000a8   Code   RO          533    i.W_Alarm1_Time     flash.o
    0x08004778   0x08004778   0x0000003c   Code   RO          535    i.W_Test            flash.o
    0x080047b4   0x080047b4   0x00000020   Code   RO         4191    i.__0printf         mc_w.l(printfa.o)
    0x080047d4   0x080047d4   0x00000028   Code   RO         4193    i.__0sprintf        mc_w.l(printfa.o)
    0x080047fc   0x080047fc   0x00000024   Code   RO         4197    i.__0vsprintf       mc_w.l(printfa.o)
    0x08004820   0x08004820   0x00000008   Code   RO         4303    i.__aeabi_errno_addr  mc_w.l(errno.o)
    0x08004828   0x08004828   0x0000005c   Code   RO         4223    i.__free$realloc    mc_w.l(mallocr.o)
    0x08004884   0x08004884   0x00000050   Code   RO         4224    i.__malloc$realloc  mc_w.l(mallocr.o)
    0x080048d4   0x080048d4   0x0000000e   Code   RO         4374    i.__scatterload_copy  mc_w.l(handlers.o)
    0x080048e2   0x080048e2   0x00000002   Code   RO         4375    i.__scatterload_null  mc_w.l(handlers.o)
    0x080048e4   0x080048e4   0x0000000e   Code   RO         4376    i.__scatterload_zeroinit  mc_w.l(handlers.o)
    0x080048f2   0x080048f2   0x00000002   PAD
    0x080048f4   0x080048f4   0x00000184   Code   RO         4198    i._fp_digits        mc_w.l(printfa.o)
    0x08004a78   0x08004a78   0x0000000e   Code   RO         4251    i._is_digit         mc_w.l(scanf_fp.o)
    0x08004a86   0x08004a86   0x00000002   PAD
    0x08004a88   0x08004a88   0x000006dc   Code   RO         4199    i._printf_core      mc_w.l(printfa.o)
    0x08005164   0x08005164   0x00000024   Code   RO         4200    i._printf_post_padding  mc_w.l(printfa.o)
    0x08005188   0x08005188   0x0000002e   Code   RO         4201    i._printf_pre_padding  mc_w.l(printfa.o)
    0x080051b6   0x080051b6   0x0000000a   Code   RO         4203    i._sputc            mc_w.l(printfa.o)
    0x080051c0   0x080051c0   0x00000048   Code   RO         2981    i.buffer_skip_whitespace  cjson.o
    0x08005208   0x08005208   0x00000058   Code   RO         3013    i.cJSON_Delete      cjson.o
    0x08005260   0x08005260   0x00000012   Code   RO         3026    i.cJSON_GetObjectItem  cjson.o
    0x08005272   0x08005272   0x0000001a   Code   RO         3043    i.cJSON_New_Item    cjson.o
    0x0800528c   0x0800528c   0x00000010   Code   RO         3044    i.cJSON_Parse       cjson.o
    0x0800529c   0x0800529c   0x000000d4   Code   RO         3046    i.cJSON_ParseWithLengthOpts  cjson.o
    0x08005370   0x08005370   0x00000028   Code   RO         3047    i.cJSON_ParseWithOpts  cjson.o
    0x08005398   0x08005398   0x00000048   Code   RO         3062    i.case_insensitive_strcmp  cjson.o
    0x080053e0   0x080053e0   0x00000044   Code   RO          939    i.delay_init        delay.o
    0x08005424   0x08005424   0x0000004c   Code   RO          940    i.delay_ms          delay.o
    0x08005470   0x08005470   0x0000004c   Code   RO          941    i.delay_us          delay.o
    0x080054bc   0x080054bc   0x00000074   Code   RO         3717    i.drugBuf           ga10.o
    0x08005530   0x08005530   0x00000024   Code   RO          871    i.ds1032_DATAINPUT_init  ds1302.o
    0x08005554   0x08005554   0x00000034   Code   RO          872    i.ds1032_DATAOUT_init  ds1302.o
    0x08005588   0x08005588   0x0000001c   Code   RO         1011    i.fputc             usart.o
    0x080055a4   0x080055a4   0x00000004   Code   RO         3068    i.get_decimal_point  cjson.o
    0x080055a8   0x080055a8   0x00000052   Code   RO         3069    i.get_object_item   cjson.o
    0x080055fa   0x080055fa   0x00000002   PAD
    0x080055fc   0x080055fc   0x00000038   Code   RO          634    i.heart_IIC_Ack     heartiic.o
    0x08005634   0x08005634   0x0000005c   Code   RO          635    i.heart_IIC_Init    heartiic.o
    0x08005690   0x08005690   0x00000038   Code   RO          636    i.heart_IIC_NAck    heartiic.o
    0x080056c8   0x080056c8   0x00000058   Code   RO          637    i.heart_IIC_Read_Byte  heartiic.o
    0x08005720   0x08005720   0x00000050   Code   RO          639    i.heart_IIC_Send_Byte  heartiic.o
    0x08005770   0x08005770   0x00000038   Code   RO          640    i.heart_IIC_Start   heartiic.o
    0x080057a8   0x080057a8   0x00000034   Code   RO          641    i.heart_IIC_Stop    heartiic.o
    0x080057dc   0x080057dc   0x0000004c   Code   RO          642    i.heart_IIC_Wait_Ack  heartiic.o
    0x08005828   0x08005828   0x00000050   Code   RO         4225    i.internal_alloc    mc_w.l(mallocr.o)
    0x08005878   0x08005878   0x0000004c   Code   RO            5    i.main              main.o
    0x080058c4   0x080058c4   0x00000158   Code   RO         3770    i.massage_parse_json  git.o
    0x08005a1c   0x08005a1c   0x00000058   Code   RO         3771    i.massage_speak     git.o
    0x08005a74   0x08005a74   0x00000052   Code   RO          718    i.max30102_Bus_Read  max30102.o
    0x08005ac6   0x08005ac6   0x00000044   Code   RO          719    i.max30102_Bus_Write  max30102.o
    0x08005b0a   0x08005b0a   0x00000080   Code   RO          720    i.max30102_FIFO_ReadBytes  max30102.o
    0x08005b8a   0x08005b8a   0x00000002   PAD
    0x08005b8c   0x08005b8c   0x00000084   Code   RO          722    i.max30102_init     max30102.o
    0x08005c10   0x08005c10   0x00000014   Code   RO          723    i.max30102_reset    max30102.o
    0x08005c24   0x08005c24   0x00000042   Code   RO          584    i.maxim_find_peaks  algorithm.o
    0x08005c66   0x08005c66   0x00000002   PAD
    0x08005c68   0x08005c68   0x00000500   Code   RO          585    i.maxim_heart_rate_and_oxygen_saturation  algorithm.o
    0x08006168   0x08006168   0x0000007a   Code   RO          586    i.maxim_peaks_above_min_height  algorithm.o
    0x080061e2   0x080061e2   0x00000072   Code   RO          587    i.maxim_remove_close_peaks  algorithm.o
    0x08006254   0x08006254   0x00000036   Code   RO          588    i.maxim_sort_ascend  algorithm.o
    0x0800628a   0x0800628a   0x00000040   Code   RO          589    i.maxim_sort_indices_descend  algorithm.o
    0x080062ca   0x080062ca   0x000000f8   Code   RO         3071    i.parse_array       cjson.o
    0x080063c2   0x080063c2   0x0000005a   Code   RO         3072    i.parse_hex4        cjson.o
    0x0800641c   0x0800641c   0x00000138   Code   RO         3073    i.parse_number      cjson.o
    0x08006554   0x08006554   0x0000013e   Code   RO         3074    i.parse_object      cjson.o
    0x08006692   0x08006692   0x0000018c   Code   RO         3075    i.parse_string      cjson.o
    0x0800681e   0x0800681e   0x00000002   PAD
    0x08006820   0x08006820   0x0000013c   Code   RO         3076    i.parse_value       cjson.o
    0x0800695c   0x0800695c   0x0000006c   Code   RO         4226    i.realloc           mc_w.l(mallocr.o)
    0x080069c8   0x080069c8   0x0000003c   Code   RO         3087    i.skip_utf8_bom     cjson.o
    0x08006a04   0x08006a04   0x0000001c   Code   RO         3930    i.strtod            m_ws.l(strtod.o)
    0x08006a20   0x08006a20   0x000000a8   Code   RO            6    i.task1             main.o
    0x08006ac8   0x08006ac8   0x0000001c   Code   RO            7    i.task2             main.o
    0x08006ae4   0x08006ae4   0x00000040   Code   RO            8    i.task3             main.o
    0x08006b24   0x08006b24   0x00000020   Code   RO         3834    i.timer_init        task.o
    0x08006b44   0x08006b44   0x00000040   Code   RO         3835    i.timer_loop        task.o
    0x08006b84   0x08006b84   0x0000002c   Code   RO         3836    i.timer_start       task.o
    0x08006bb0   0x08006bb0   0x00000024   Code   RO         3837    i.timer_stop        task.o
    0x08006bd4   0x08006bd4   0x00000010   Code   RO         3838    i.timer_ticks       task.o
    0x08006be4   0x08006be4   0x00000050   Code   RO          783    i.u2_printf         usart2.o
    0x08006c34   0x08006c34   0x0000012c   Code   RO         3090    i.utf16_literal_to_utf8  cjson.o
    0x08006d60   0x08006d60   0x00000024   Code   RO          536    i.waitForFlashBSY   flash.o
    0x08006d84   0x08006d84   0x000000f6   Data   RO          591    .constdata          algorithm.o
    0x08006e7a   0x08006e7a   0x00000081   Data   RO         4336    .constdata          mc_w.l(ctype_o.o)
    0x08006efb   0x08006efb   0x00000001   PAD
    0x08006efc   0x08006efc   0x00000004   Data   RO         4337    .constdata          mc_w.l(ctype_o.o)
    0x08006f00   0x08006f00   0x0000001d   Data   RO           10    .conststring        main.o
    0x08006f1d   0x08006f1d   0x00000003   PAD
    0x08006f20   0x08006f20   0x00000021   Data   RO          873    .conststring        ds1302.o
    0x08006f41   0x08006f41   0x00000003   PAD
    0x08006f44   0x08006f44   0x00000054   Data   RO         3719    .conststring        ga10.o
    0x08006f98   0x08006f98   0x00000020   Data   RO         4372    Region$$Table       anon$$obj.o


    Execution Region ER_RW (Exec base: 0x20000000, Load base: 0x08006fb8, Size: 0x00000af0, Max: 0xffffffff, ABSOLUTE, COMPRESSED[0x0000072c])

    Exec Addr    Load Addr    Size         Type   Attr      Idx    E Section Name        Object

    0x20000000   COMPRESSED   0x0000003c   Data   RW           11    .data               main.o
    0x2000003c   COMPRESSED   0x00000014   Data   RW          321    .data               system_stm32f10x.o
    0x20000050   COMPRESSED   0x00000001   Data   RW          378    .data               key.o
    0x20000051   COMPRESSED   0x00000003   PAD
    0x20000054   COMPRESSED   0x000009cc   Data   RW          419    .data               oled.o
    0x20000a20   COMPRESSED   0x0000002c   Data   RW          538    .data               flash.o
    0x20000a4c   COMPRESSED   0x00000003   Data   RW          785    .data               usart2.o
    0x20000a4f   COMPRESSED   0x00000001   PAD
    0x20000a50   COMPRESSED   0x0000002a   Data   RW          874    .data               ds1302.o
    0x20000a7a   COMPRESSED   0x00000004   Data   RW          942    .data               delay.o
    0x20000a7e   COMPRESSED   0x00000002   PAD
    0x20000a80   COMPRESSED   0x0000000a   Data   RW         1013    .data               usart.o
    0x20000a8a   COMPRESSED   0x00000014   Data   RW         2685    .data               stm32f10x_rcc.o
    0x20000a9e   COMPRESSED   0x00000002   PAD
    0x20000aa0   COMPRESSED   0x00000014   Data   RW         3092    .data               cjson.o
    0x20000ab4   COMPRESSED   0x00000004   Data   RW         3658    .data               usart3.o
    0x20000ab8   COMPRESSED   0x00000013   Data   RW         3773    .data               git.o
    0x20000acb   COMPRESSED   0x00000001   PAD
    0x20000acc   COMPRESSED   0x00000008   Data   RW         3839    .data               task.o
    0x20000ad4   COMPRESSED   0x0000000d   Data   RW         3879    .data               timer.o
    0x20000ae1   COMPRESSED   0x00000003   PAD
    0x20000ae4   COMPRESSED   0x00000004   Data   RW         4301    .data               mc_w.l(mvars.o)
    0x20000ae8   COMPRESSED   0x00000004   Data   RW         4302    .data               mc_w.l(mvars.o)
    0x20000aec   COMPRESSED   0x00000004   Data   RW         4306    .data               mc_w.l(errno.o)


    Execution Region ER_ZI (Exec base: 0x20000af0, Load base: 0x080076e4, Size: 0x00006360, Max: 0xffffffff, ABSOLUTE)

    Exec Addr    Load Addr    Size         Type   Attr      Idx    E Section Name        Object

    0x20000af0        -       0x00001804   Zero   RW            9    .bss                main.o
    0x200022f4        -       0x00000800   Zero   RW          537    .bss                flash.o
    0x20002af4        -       0x00001760   Zero   RW          590    .bss                algorithm.o
    0x20004254        -       0x00000a00   Zero   RW          784    .bss                usart2.o
    0x20004c54        -       0x000000c8   Zero   RW         1012    .bss                usart.o
    0x20004d1c        -       0x00000900   Zero   RW         3657    .bss                usart3.o
    0x2000561c        -       0x0000082f   Zero   RW         3772    .bss                git.o
    0x20005e4b   0x080076e4   0x00000005   PAD
    0x20005e50        -       0x00000c00   Zero   RW         1085    HEAP                startup_stm32f10x_hd.o
    0x20006a50        -       0x00000400   Zero   RW         1084    STACK               startup_stm32f10x_hd.o


==============================================================================

Image component sizes


      Code (inc. data)   RO Data    RW Data    ZI Data      Debug   Object Name

      1700         30        246          0       5984       7541   algorithm.o
      2670         66          0         20          0      17425   cjson.o
       220         26          0          4          0       1751   delay.o
      1366         84         33         42          0       8048   ds1302.o
       912        136          0         44       2048       5569   flash.o
      1776        778         84          0          0       3522   ga10.o
      2702        534          0         19       2095      10001   git.o
       640         80          0          0          0       5442   heartiic.o
       224         12          0          1          0       1185   key.o
       100         18          0          0          0        971   led.o
      1712        312         29         60       6148     265300   main.o
       430          4          0          0          0       3568   max30102.o
       172         22          0          0          0       2081   misc.o
       942         38          0       2508          0       6789   oled.o
       372         12          0          0          0        836   sg90.o
        36          8        304          0       4096        796   startup_stm32f10x_hd.o
       448          6          0          0          0       4542   stm32f10x_gpio.o
        26          0          0          0          0       3766   stm32f10x_it.o
       340         44          0         20          0       5624   stm32f10x_rcc.o
      1500        156          0          0          0      13523   stm32f10x_tim.o
       460          6          0          0          0       6795   stm32f10x_usart.o
         0          0          0          0          0         32   sys.o
       328         28          0         20          0       2117   system_stm32f10x.o
       192         28          0          8          0       3303   task.o
       586         48          0         13          0       4591   timer.o
       338         32          0         10        200       4378   usart.o
       526         98          0          3       2560       5262   usart2.o
       456         60          0          4       2304       4553   usart3.o

    ----------------------------------------------------------------------
     21204       2666        734       2788      25440     399311   Object Totals
         0          0         32          0          0          0   (incl. Generated)
        30          0          6         12          5          0   (incl. Padding)

    ----------------------------------------------------------------------

      Code (inc. data)   RO Data    RW Data    ZI Data      Debug   Library Member Name

        28          0          0          0          0         80   strtod.o
        86          0          0          0          0          0   __dczerorl2.o
        28          0          0          0          0         68   _chval.o
        64          0          0          0          0         84   _sgetc.o
       158          0          0          0          0         92   _strtoul.o
        26          0          0          0          0         80   atoi.o
         8          4        133          0          0         68   ctype_o.o
         0          0          0          0          0          0   entry.o
         0          0          0          0          0          0   entry10a.o
         0          0          0          0          0          0   entry11a.o
         8          4          0          0          0          0   entry2.o
         4          0          0          0          0          0   entry5.o
         0          0          0          0          0          0   entry7b.o
         0          0          0          0          0          0   entry8b.o
         8          4          0          0          0          0   entry9a.o
         8          4          0          4          0         68   errno.o
        30          0          0          0          0          0   handlers.o
        36          8          0          0          0         68   init.o
        18          0          0          0          0         76   isspace_o.o
         0          0          0          0          0          0   iusefp.o
        30          0          0          0          0         68   llshl.o
        36          0          0          0          0         68   llsshr.o
        32          0          0          0          0         68   llushr.o
       360         30          0          0          0        356   mallocr.o
        36          0          0          0          0         68   memcpya.o
        36          0          0          0          0        108   memseta.o
         0          0          0          8          0          0   mvars.o
      2344        102          0          0          0        684   printfa.o
       878         12          0          0          0        216   scanf_fp.o
        24          0          0          0          0         68   strcat.o
        20          0          0          0          0         68   strchr.o
        28          0          0          0          0         76   strcmp.o
        14          0          0          0          0         68   strlen.o
        30          0          0          0          0         80   strncmp.o
        36          0          0          0          0         80   strstr.o
       156         12          0          0          0        120   strtod.o
       112          0          0          0          0         88   strtol.o
        12          0          0          0          0         68   tolower.o
        44          0          0          0          0         80   uidiv.o
        98          0          0          0          0         92   uldiv.o
        48          0          0          0          0         68   cdcmple.o
        48          0          0          0          0         68   cdrcmple.o
        56          0          0          0          0         88   d2f.o
       334          0          0          0          0        148   dadd.o
       222          0          0          0          0        100   ddiv.o
       186          0          0          0          0        176   depilogue.o
        62          0          0          0          0         80   dfixi.o
        48          0          0          0          0         68   dfixul.o
        34          0          0          0          0         76   dflti.o
        24          0          0          0          0         76   dfltul.o
       228          0          0          0          0         96   dmul.o
       124          0          0          0          0         88   fdiv.o
       110          0          0          0          0        168   fepilogue.o
        50          0          0          0          0         68   ffixi.o
        10          0          0          0          0         68   ffltui.o
       100          0          0          0          0         76   fmul.o

    ----------------------------------------------------------------------
      6528        180        134         12          0       4720   Library Totals
         8          0          1          0          0          0   (incl. Padding)

    ----------------------------------------------------------------------

      Code (inc. data)   RO Data    RW Data    ZI Data      Debug   Library Name

        28          0          0          0          0         80   m_ws.l
      4808        180        133         12          0       3128   mc_w.l
      1684          0          0          0          0       1512   mf_w.l

    ----------------------------------------------------------------------
      6528        180        134         12          0       4720   Library Totals

    ----------------------------------------------------------------------

==============================================================================


      Code (inc. data)   RO Data    RW Data    ZI Data      Debug   

     27732       2846        868       2800      25440     392719   Grand Totals
     27732       2846        868       1836      25440     392719   ELF Image Totals (compressed)
     27732       2846        868       1836          0          0   ROM Totals

==============================================================================

    Total RO  Size (Code + RO Data)                28600 (  27.93kB)
    Total RW  Size (RW Data + ZI Data)             28240 (  27.58kB)
    Total ROM Size (Code + RO Data + RW Data)      30436 (  29.72kB)

==============================================================================

